// Jest Snapshot v1, https://goo.gl/fbAQLP

exports[`<App /> snapshot testing the default view 1`] = `
Object {
  "asFragment": [Function],
  "baseElement": <body>
    <div>
      <div
        class="App"
      >
        <header
          class="App-header"
        >
          <div
            class="col"
          >
            <div
              aria-label="User input"
            >
              <h2
                aria-label="Heading"
              >
                What went well?
              </h2>
              <textarea
                aria-label="Text area"
              />
            </div>
          </div>
          <div
            class="col"
          >
            <div
              aria-label="User input"
            >
              <h2
                aria-label="Heading"
              >
                What didn't go well?
              </h2>
              <textarea
                aria-label="Text area"
              />
            </div>
          </div>
          <div
            class="col"
          >
            <div
              aria-label="User input"
            >
              <h2
                aria-label="Heading"
              >
                Notes
              </h2>
              <textarea
                aria-label="Text area"
              />
            </div>
          </div>
        </header>
      </div>
    </div>
  </body>,
  "container": <div>
    <div
      class="App"
    >
      <header
        class="App-header"
      >
        <div
          class="col"
        >
          <div
            aria-label="User input"
          >
            <h2
              aria-label="Heading"
            >
              What went well?
            </h2>
            <textarea
              aria-label="Text area"
            />
          </div>
        </div>
        <div
          class="col"
        >
          <div
            aria-label="User input"
          >
            <h2
              aria-label="Heading"
            >
              What didn't go well?
            </h2>
            <textarea
              aria-label="Text area"
            />
          </div>
        </div>
        <div
          class="col"
        >
          <div
            aria-label="User input"
          >
            <h2
              aria-label="Heading"
            >
              Notes
            </h2>
            <textarea
              aria-label="Text area"
            />
          </div>
        </div>
      </header>
    </div>
  </div>,
  "debug": [Function],
  "findAllByAltText": [Function],
  "findAllByDisplayValue": [Function],
  "findAllByLabelText": [Function],
  "findAllByPlaceholderText": [Function],
  "findAllByRole": [Function],
  "findAllByTestId": [Function],
  "findAllByText": [Function],
  "findAllByTitle": [Function],
  "findByAltText": [Function],
  "findByDisplayValue": [Function],
  "findByLabelText": [Function],
  "findByPlaceholderText": [Function],
  "findByRole": [Function],
  "findByTestId": [Function],
  "findByText": [Function],
  "findByTitle": [Function],
  "getAllByAltText": [Function],
  "getAllByDisplayValue": [Function],
  "getAllByLabelText": [Function],
  "getAllByPlaceholderText": [Function],
  "getAllByRole": [Function],
  "getAllByTestId": [Function],
  "getAllByText": [Function],
  "getAllByTitle": [Function],
  "getByAltText": [Function],
  "getByDisplayValue": [Function],
  "getByLabelText": [Function],
  "getByPlaceholderText": [Function],
  "getByRole": [Function],
  "getByTestId": [Function],
  "getByText": [Function],
  "getByTitle": [Function],
  "queryAllByAltText": [Function],
  "queryAllByDisplayValue": [Function],
  "queryAllByLabelText": [Function],
  "queryAllByPlaceholderText": [Function],
  "queryAllByRole": [Function],
  "queryAllByTestId": [Function],
  "queryAllByText": [Function],
  "queryAllByTitle": [Function],
  "queryByAltText": [Function],
  "queryByDisplayValue": [Function],
  "queryByLabelText": [Function],
  "queryByPlaceholderText": [Function],
  "queryByRole": [Function],
  "queryByTestId": [Function],
  "queryByText": [Function],
  "queryByTitle": [Function],
  "rerender": [Function],
  "unmount": [Function],
}
`;
